// Jest Snapshot v1, https://goo.gl/fbAQLP

exports[`matches snapshot 1`] = `
<DocumentFragment>
  <div
    class="NavBar"
  >
    <nav
      class="navbar navbar navbar-expand-md navbar-dark"
    >
      <a
        aria-current="page"
        class="Navbar-brand active"
        href="/"
      >
        <span
          class="Navbar-logo"
        >
          <img
            alt="stock-market-icon"
            src="stock-market-icon.png"
            width="25px"
          />
        </span>
        Market Update
      </a>
      <button
        aria-label="Toggle navigation"
        class="mr-2 Navbar-toggler-btn navbar-toggler"
        type="button"
      >
        <span
          class="navbar-toggler-icon"
        />
      </button>
      <div
        class="collapse navbar-collapse"
      >
        <ul
          class="ml-auto navbar-nav"
        >
          <li
            class="nav-item"
          >
            <a
              class="navlinks"
              href="/news"
            >
              News
            </a>
          </li>
          <li
            class="nav-item"
          >
            <a
              class="navlinks"
              href="/search"
            >
              Search
            </a>
          </li>
          <li
            class="nav-item"
          >
            <a
              class="navlinks"
              href="/watchlist"
            >
              Watchlist
            </a>
          </li>
          <li
            class="nav-item"
          >
            <a
              class="navlinks"
              href="/profile"
            >
              Profile
            </a>
          </li>
          <li
            class="nav-item"
          >
            <a
              aria-current="page"
              class="navlinks-logout active"
              href="/"
            >
              Log Out
            </a>
          </li>
        </ul>
      </div>
    </nav>
  </div>
</DocumentFragment>
`;
